// Jest Snapshot v1, https://goo.gl/fbAQLP

exports[`<Artistcard> Component test 1`] = `
<div
  className="main-card"
>
  <div
    className="img-wrap"
  >
    <img
      alt=""
      className="img-card"
      src="../../assets/logo.png"
    />
  </div>
  <div
    className="card-info-wrap"
  >
    <div
      className="card-name"
    >
      <p>
        salman
      </p>
    </div>
    <div
      className="social-link-wrap"
    >
      <p>
        Facebook: 
        <span>
          https://facebook.com
        </span>
      </p>
    </div>
  </div>
</div>
`;
